# 070 - Why ME/CFS "fatigue" is not normal fatigue

Nx6qX-9tim4 Voluptates autem c...

*Published on 2025-08-25T13:29:58+00:00 at https://www.youtube.com/watch?v=Nx6qX-9tim4*
