
--- Video Summary for latest video (qajk5H87ydo) ---

# 071 - New study: Placebo reduces fibromyalgia pain more than cannabidiol (CBD)?

A clinical trial was...

*Published on 2025-09-01T17:06:57+00:00 at https://www.youtube.com/watch?v=qajk5H87ydo*

