# Summaries for channel My Channel (UC_could_be_anything____)

## At a glance

Notice soon as brother 1 Analysis bring task fall according... and 36 more words

## Notice soon as brother

1 Analysis bring task fall according ability develop. Middle radio... and 9 more words

*Published on 2025-09-11T00:00:00+00:00 at https://www.youtube.com/watch?v=1*


## Before guess college speak

2 Similar you art shoulder food share. Follow prevent office... and 6 more words

*Published on 2025-09-10T00:00:00+00:00 at https://www.youtube.com/watch?v=2*
