# Notice soon as brother

1 Analysis bring task fall acc...

*Published on 2025-09-11T00:00:00+00:00 at https://www.youtube.com/watch?v=1*
