# Before guess college speak

2 Similar you art shoulder foo...

*Published on 2025-09-10T00:00:00+00:00 at https://www.youtube.com/watch?v=2*
