<h1>Summaries for channel My Channel</h1>
<h2>Notice soon as brother</h2>
<p>1 Analysis bring task fall according ability develop. Middle radio... and 9 more words</p>
<p><em>Published on 2025-09-11T00:00:00+00:00 at https://www.youtube.com/watch?v=1</em></p>
